# serializer version: 1
# name: test_hello_world
  '''
                                                                                  
   Usage: main [OPTIONS] COMMAND [ARGS]...                                        
                                                                                  
  ╭─ Options ────────────────────────────────────────────────────────────────────╮
  │ --help      Show this message and exit.                                      │
  ╰──────────────────────────────────────────────────────────────────────────────╯
  ╭─ Commands ───────────────────────────────────────────────────────────────────╮
  │ books                                                                        │
  │ rpc                                                                          │
  │ shelves                                                                      │
  │ steal        Steal the cookie from a Chrome net-export log                   │
  │ upload       Upload files to Google Books                                    │
  ╰──────────────────────────────────────────────────────────────────────────────╯
  
  
  '''
# ---
# name: test_protoc
  '''
  tags {
    name: "tag_name_1"
    tag_id: "tag_id_1"
    created_at {
      seconds: 1
    }
  }
  tags {
    name: "tag_name_2"
    tag_id: "tag_id_2"
    created_at {
      seconds: 2
    }
  }
  tagged_items {
    book_id: "book_id_1"
    tag_id: "tag_id_1"
    tagged_at {
      seconds: 1
    }
  }
  tagged_items {
    book_id: "book_id_2"
    tag_id: "tag_id_2"
    tagged_at {
      seconds: 2
    }
  }
  '''
# ---
# name: test_protoc.1
  dict({
    'taggedItems': list([
      dict({
        'bookId': 'book_id_1',
        'tagId': 'tag_id_1',
        'taggedAt': '1970-01-01T00:00:01Z',
      }),
      dict({
        'bookId': 'book_id_2',
        'tagId': 'tag_id_2',
        'taggedAt': '1970-01-01T00:00:02Z',
      }),
    ]),
    'tags': list([
      dict({
        'createdAt': '1970-01-01T00:00:01Z',
        'name': 'tag_name_1',
        'tagId': 'tag_id_1',
      }),
      dict({
        'createdAt': '1970-01-01T00:00:02Z',
        'name': 'tag_name_2',
        'tagId': 'tag_id_2',
      }),
    ]),
  })
# ---
